exports[`prettyFormat() ReactTestComponent and ReactElement plugins ReactElement plugin highlights syntax 1`] = `
"[36m<Mouse[39m
  [33mprop[39m=[32m{
    [36m<div[39m[36m>[39m
      [0mmouse[0m
      [36m<span[39m[36m>[39m
        [0mrat[0m
      [36m</span>[39m
    [36m</div>[39m
  }[39m[36m />[39m"
`;

exports[`prettyFormat() ReactTestComponent and ReactElement plugins ReactTestComponent plugin highlights syntax 1`] = `
"[36m<Mouse[39m
  [33mprop[39m=[32m{
    [36m<div[39m[36m>[39m
      [0mmouse[0m
      [36m<span[39m[36m>[39m
        [0mrat[0m
      [36m</span>[39m
    [36m</div>[39m
  }[39m[36m />[39m"
`;
